#
# There is insufficient memory for the Java Runtime Environment to continue.
# Native memory allocation (malloc) failed to allocate 667936 bytes. Error detail: Chunk::new
# Possible reasons:
#   The system is out of physical RAM or swap space
#   This process is running with CompressedOops enabled, and the Java Heap may be blocking the growth of the native heap
# Possible solutions:
#   Reduce memory load on the system
#   Increase physical memory or swap space
#   Check if swap backing store is full
#   Decrease Java heap size (-Xmx/-Xms)
#   Decrease number of Java threads
#   Decrease Java thread stack sizes (-Xss)
#   Set larger code cache with -XX:ReservedCodeCacheSize=
#   JVM is running with Unscaled Compressed Oops mode in which the Java heap is
#     placed in the first 4GB address space. The Java Heap base address is the
#     maximum limit for the native heap growth. Please use -XX:HeapBaseMinAddress
#     to set the Java Heap base and to place the Java Heap above 4GB virtual address.
# This output file may be truncated or incomplete.
#
#  Out of Memory Error (arena.cpp:168), pid=26736, tid=23916
#
# JRE version: OpenJDK Runtime Environment Temurin-21.0.10+7 (21.0.10+7) (build 21.0.10+7-LTS)
# Java VM: OpenJDK 64-Bit Server VM Temurin-21.0.10+7 (21.0.10+7-LTS, mixed mode, sharing, tiered, compressed oops, compressed class ptrs, parallel gc, windows-amd64)
# No core dump will be written. Minidumps are not enabled by default on client versions of Windows
#

---------------  S U M M A R Y ------------

Command Line: --add-modules=ALL-SYSTEM --add-opens=java.base/java.util=ALL-UNNAMED --add-opens=java.base/java.lang=ALL-UNNAMED --add-opens=java.base/sun.nio.fs=ALL-UNNAMED -Declipse.application=org.eclipse.jdt.ls.core.id1 -Dosgi.bundles.defaultStartLevel=4 -Declipse.product=org.eclipse.jdt.ls.core.product -Djava.import.generatesMetadataFilesAtProjectRoot=false -DDetectVMInstallationsJob.disabled=true -Dfile.encoding=utf8 -XX:+UseParallelGC -XX:GCTimeRatio=4 -XX:AdaptiveSizePolicyWeight=90 -Dsun.zip.disableMemoryMapping=true -Xmx2G -Xms100m -Xlog:disable -javaagent:c:\Users\PC\.vscode\extensions\redhat.java-1.54.0-win32-x64\lombok\lombok-1.18.39-4050.jar -XX:+HeapDumpOnOutOfMemoryError -XX:HeapDumpPath=c:\Users\PC\AppData\Roaming\Code\User\workspaceStorage\91fcfcea6c02b4f1f3437ae4e56ad6f9\redhat.java -Daether.dependencyCollector.impl=bf c:\Users\PC\.vscode\extensions\redhat.java-1.54.0-win32-x64\server\plugins\org.eclipse.equinox.launcher_1.7.100.v20251111-0406.jar -configuration c:\Users\PC\AppData\Roaming\Code\User\globalStorage\redhat.java\1.54.0\config_win -data c:\Users\PC\AppData\Roaming\Code\User\workspaceStorage\91fcfcea6c02b4f1f3437ae4e56ad6f9\redhat.java\jdt_ws --pipe=\\.\pipe\lsp-c8e8ccaa681a69eb56a9c9fc603c613a-sock

Host: AMD Ryzen 5 PRO 4650U with Radeon Graphics, 12 cores, 15G,  Windows 10 , 64 bit Build 19041 (10.0.19041.5915)
Time: Wed Apr 22 23:23:32 2026 Morocco Daylight Time elapsed time: 4.304428 seconds (0d 0h 0m 4s)

---------------  T H R E A D  ---------------

Current thread (0x0000017c86671600):  JavaThread "C2 CompilerThread0" daemon [_thread_in_native, id=23916, stack(0x000000394e200000,0x000000394e300000) (1024K)]


Current CompileTask:
C2:4304 2122 %     4       org.eclipse.osgi.util.ManifestElement::readLine @ 0 (122 bytes)

Stack: [0x000000394e200000,0x000000394e300000]
Native frames: (J=compiled Java code, j=interpreted, Vv=VM code, C=native code)
V  [jvm.dll+0x6d7a39]
V  [jvm.dll+0x8b4b26]
V  [jvm.dll+0x8b70de]
V  [jvm.dll+0x8b77c3]
V  [jvm.dll+0x284346]
V  [jvm.dll+0xc66ed]
V  [jvm.dll+0xc6c31]
V  [jvm.dll+0x3bec3b]
V  [jvm.dll+0x38b162]
V  [jvm.dll+0x38a5aa]
V  [jvm.dll+0x24c560]
V  [jvm.dll+0x24bb40]
V  [jvm.dll+0x1cb34e]
V  [jvm.dll+0x25b85d]
V  [jvm.dll+0x259dea]
V  [jvm.dll+0x3f857e]
V  [jvm.dll+0x85f59d]
V  [jvm.dll+0x6d626d]
C  [ucrtbase.dll+0x21bb2]
C  [KERNEL32.DLL+0x17374]
C  [ntdll.dll+0x4cc91]


---------------  P R O C E S S  ---------------

Threads class SMR info:
_java_thread_list=0x0000017c8b5600a0, length=16, elements={
0x0000017c2cc12fc0, 0x0000017c436c40b0, 0x0000017c436c81e0, 0x0000017c436c9af0,
0x0000017c436cae10, 0x0000017c866621a0, 0x0000017c86660760, 0x0000017c86671600,
0x0000017c86673160, 0x0000017c86661b10, 0x0000017c866600d0, 0x0000017c86663550,
0x0000017c86662830, 0x0000017c86660df0, 0x0000017c86662ec0, 0x0000017c8b875cb0
}

Java Threads: ( => current thread )
  0x0000017c2cc12fc0 JavaThread "main"                              [_thread_blocked, id=21568, stack(0x000000394d700000,0x000000394d800000) (1024K)]
  0x0000017c436c40b0 JavaThread "Reference Handler"          daemon [_thread_blocked, id=20548, stack(0x000000394dc00000,0x000000394dd00000) (1024K)]
  0x0000017c436c81e0 JavaThread "Finalizer"                  daemon [_thread_blocked, id=22624, stack(0x000000394dd00000,0x000000394de00000) (1024K)]
  0x0000017c436c9af0 JavaThread "Signal Dispatcher"          daemon [_thread_blocked, id=22104, stack(0x000000394de00000,0x000000394df00000) (1024K)]
  0x0000017c436cae10 JavaThread "Attach Listener"            daemon [_thread_blocked, id=4320, stack(0x000000394df00000,0x000000394e000000) (1024K)]
  0x0000017c866621a0 JavaThread "Service Thread"             daemon [_thread_blocked, id=18984, stack(0x000000394e000000,0x000000394e100000) (1024K)]
  0x0000017c86660760 JavaThread "Monitor Deflation Thread"   daemon [_thread_blocked, id=16716, stack(0x000000394e100000,0x000000394e200000) (1024K)]
=>0x0000017c86671600 JavaThread "C2 CompilerThread0"         daemon [_thread_in_native, id=23916, stack(0x000000394e200000,0x000000394e300000) (1024K)]
  0x0000017c86673160 JavaThread "C1 CompilerThread0"         daemon [_thread_blocked, id=4164, stack(0x000000394e300000,0x000000394e400000) (1024K)]
  0x0000017c86661b10 JavaThread "Common-Cleaner"             daemon [_thread_blocked, id=5768, stack(0x000000394e400000,0x000000394e500000) (1024K)]
  0x0000017c866600d0 JavaThread "Notification Thread"        daemon [_thread_blocked, id=19356, stack(0x000000394e600000,0x000000394e700000) (1024K)]
  0x0000017c86663550 JavaThread "Active Thread: Equinox Container: 9cffc5e9-c6dc-4046-a1ab-ac54b2aa382e"        [_thread_blocked, id=19312, stack(0x000000394ed00000,0x000000394ee00000) (1024K)]
  0x0000017c86662830 JavaThread "Refresh Thread: Equinox Container: 9cffc5e9-c6dc-4046-a1ab-ac54b2aa382e" daemon [_thread_blocked, id=27100, stack(0x000000394ef00000,0x000000394f000000) (1024K)]
  0x0000017c86660df0 JavaThread "Framework Event Dispatcher: Equinox Container: 9cffc5e9-c6dc-4046-a1ab-ac54b2aa382e" daemon [_thread_blocked, id=11516, stack(0x000000394f000000,0x000000394f100000) (1024K)]
  0x0000017c86662ec0 JavaThread "Start Level: Equinox Container: 9cffc5e9-c6dc-4046-a1ab-ac54b2aa382e" daemon [_thread_blocked, id=15384, stack(0x000000394f100000,0x000000394f200000) (1024K)]
  0x0000017c8b875cb0 JavaThread "C2 CompilerThread1"         daemon [_thread_blocked, id=21964, stack(0x000000394e500000,0x000000394e600000) (1024K)]
Total: 16

Other Threads:
  0x0000017c436b3940 VMThread "VM Thread"                           [id=23352, stack(0x000000394da00000,0x000000394db00000) (1024K)]
  0x0000017c2cc7dea0 WatcherThread "VM Periodic Task Thread"        [id=27840, stack(0x000000394d900000,0x000000394da00000) (1024K)]
  0x0000017c2cc32640 WorkerThread "GC Thread#0"                     [id=17252, stack(0x000000394d800000,0x000000394d900000) (1024K)]
  0x0000017c8b7309a0 WorkerThread "GC Thread#1"                     [id=26644, stack(0x000000394e700000,0x000000394e800000) (1024K)]
  0x0000017c8b438160 WorkerThread "GC Thread#2"                     [id=11760, stack(0x000000394e800000,0x000000394e900000) (1024K)]
  0x0000017c8b438510 WorkerThread "GC Thread#3"                     [id=14236, stack(0x000000394e900000,0x000000394ea00000) (1024K)]
  0x0000017c8b7a7900 WorkerThread "GC Thread#4"                     [id=21204, stack(0x000000394ea00000,0x000000394eb00000) (1024K)]
  0x0000017c8b7a7cb0 WorkerThread "GC Thread#5"                     [id=18104, stack(0x000000394eb00000,0x000000394ec00000) (1024K)]
  0x0000017c8b7a8060 WorkerThread "GC Thread#6"                     [id=21192, stack(0x000000394ec00000,0x000000394ed00000) (1024K)]
  0x0000017c8b367b30 WorkerThread "GC Thread#7"                     [id=28596, stack(0x000000394ee00000,0x000000394ef00000) (1024K)]
Total: 10

Threads with active compile tasks:
C2 CompilerThread0  4340 2122 %     4       org.eclipse.osgi.util.ManifestElement::readLine @ 0 (122 bytes)
C1 CompilerThread0  4340 2198       3       java.util.Locale::toString (274 bytes)
C2 CompilerThread1  4340 2161 %     4       java.util.Properties$LineReader::readLine @ 293 (584 bytes)
Total: 3

VM state: at safepoint (normal execution)

VM Mutex/Monitor currently owned by a thread:  ([mutex/lock_event])
[0x00007ffbea90e560] Threads_lock - owner thread: 0x0000017c436b3940
[0x00007ffbea90e660] Heap_lock - owner thread: 0x0000017c86662ec0

Heap address: 0x0000000080000000, size: 2048 MB, Compressed Oops mode: 32-bit

CDS archive(s) mapped at: [0x0000017c44000000-0x0000017c44ba0000-0x0000017c44ba0000), size 12189696, SharedBaseAddress: 0x0000017c44000000, ArchiveRelocationMode: 1.
Compressed class space mapped at: 0x0000017c45000000-0x0000017c85000000, reserved size: 1073741824
Narrow klass base: 0x0000017c44000000, Narrow klass shift: 0, Narrow klass range: 0x100000000

GC Precious Log:
 CardTable entry size: 512
 CPUs: 12 total, 12 available
 Memory: 15736M
 Large Page Support: Disabled
 NUMA Support: Disabled
 Compressed Oops: Enabled (32-bit)
 Alignments: Space 512K, Generation 512K, Heap 2M
 Heap Min Capacity: 100M
 Heap Initial Capacity: 100M
 Heap Max Capacity: 2G
 Pre-touch: Disabled
 Parallel Workers: 10

Heap:
 PSYoungGen      total 29696K, used 29687K [0x00000000d5580000, 0x00000000d7680000, 0x0000000100000000)
  eden space 25600K, 100% used [0x00000000d5580000,0x00000000d6e80000,0x00000000d6e80000)
  from space 4096K, 99% used [0x00000000d7280000,0x00000000d767de88,0x00000000d7680000)
  to   space 4096K, 99% used [0x00000000d6e80000,0x00000000d727c180,0x00000000d7280000)
 ParOldGen       total 68608K, used 3929K [0x0000000080000000, 0x0000000084300000, 0x00000000d5580000)
  object space 68608K, 5% used [0x0000000080000000,0x00000000803dc4b8,0x0000000084300000)
 Metaspace       used 9571K, committed 9856K, reserved 1114112K
  class space    used 1018K, committed 1152K, reserved 1048576K

Card table byte_map: [0x0000017c2c5e0000,0x0000017c2c9f0000] _byte_map_base: 0x0000017c2c1e0000

Marking Bits: (ParMarkBitMap*) 0x00007ffbea913450
 Begin Bits: [0x0000017c3f0d0000, 0x0000017c410d0000)
 End Bits:   [0x0000017c410d0000, 0x0000017c430d0000)

Polling page: 0x0000017c2a9b0000

Metaspace:

Usage:
  Non-class:      8.35 MB used.
      Class:   1018.36 KB used.
       Both:      9.35 MB used.

Virtual space:
  Non-class space:       64.00 MB reserved,       8.50 MB ( 13%) committed,  1 nodes.
      Class space:        1.00 GB reserved,       1.12 MB ( <1%) committed,  1 nodes.
             Both:        1.06 GB reserved,       9.62 MB ( <1%) committed. 

Chunk freelists:
   Non-Class:  6.83 MB
       Class:  14.79 MB
        Both:  21.61 MB

MaxMetaspaceSize: unlimited
CompressedClassSpaceSize: 1.00 GB
Initial GC threshold: 21.00 MB
Current GC threshold: 21.00 MB
CDS: on
 - commit_granule_bytes: 65536.
 - commit_granule_words: 8192.
 - virtual_space_node_default_size: 8388608.
 - enlarge_chunks_in_place: 1.
 - use_allocation_guard: 0.


Internal statistics:

num_allocs_failed_limit: 0.
num_arena_births: 256.
num_arena_deaths: 0.
num_vsnodes_births: 2.
num_vsnodes_deaths: 0.
num_space_committed: 154.
num_space_uncommitted: 0.
num_chunks_returned_to_freelist: 0.
num_chunks_taken_from_freelist: 505.
num_chunk_merges: 0.
num_chunk_splits: 320.
num_chunks_enlarged: 210.
num_inconsistent_stats: 0.

CodeHeap 'non-profiled nmethods': size=120000Kb used=943Kb max_used=943Kb free=119056Kb
 bounds [0x0000017c378f0000, 0x0000017c37b60000, 0x0000017c3ee20000]
CodeHeap 'profiled nmethods': size=120000Kb used=3997Kb max_used=3997Kb free=116002Kb
 bounds [0x0000017c2fe20000, 0x0000017c30210000, 0x0000017c37350000]
CodeHeap 'non-nmethods': size=5760Kb used=1231Kb max_used=1264Kb free=4528Kb
 bounds [0x0000017c37350000, 0x0000017c375c0000, 0x0000017c378f0000]
CodeCache: size=245760Kb, used=6171Kb, max_used=6204Kb, free=239586Kb
 total_blobs=2683, nmethods=2189, adapters=400, full_count=0
Compilation: enabled, stopped_count=0, restarted_count=0

Compilation events (20 events):
Event: 4.288 Thread 0x0000017c86673160 2170       3       java.util.concurrent.ConcurrentHashMap$EntryIterator::next (51 bytes)
Event: 4.288 Thread 0x0000017c86673160 nmethod 2170 0x0000017c301fd210 code [0x0000017c301fd3e0, 0x0000017c301fd7e0]
Event: 4.288 Thread 0x0000017c86673160 2171       3       java.util.concurrent.ConcurrentHashMap$MapEntry::<init> (20 bytes)
Event: 4.288 Thread 0x0000017c86673160 nmethod 2171 0x0000017c301fd990 code [0x0000017c301fdb40, 0x0000017c301fdce8]
Event: 4.290 Thread 0x0000017c86673160 2173       3       java.util.stream.AbstractPipeline::wrapSink (37 bytes)
Event: 4.290 Thread 0x0000017c86673160 nmethod 2173 0x0000017c301fdd90 code [0x0000017c301fdf60, 0x0000017c301fe360]
Event: 4.290 Thread 0x0000017c86673160 2174       3       java.util.stream.Sink$ChainedReference::end (10 bytes)
Event: 4.291 Thread 0x0000017c86673160 nmethod 2174 0x0000017c301fe510 code [0x0000017c301fe6c0, 0x0000017c301fe898]
Event: 4.291 Thread 0x0000017c86673160 2172       3       java.util.stream.AbstractPipeline::sourceSpliterator (265 bytes)
Event: 4.292 Thread 0x0000017c86673160 nmethod 2172 0x0000017c301fe990 code [0x0000017c301fec20, 0x0000017c301ffab0]
Event: 4.293 Thread 0x0000017c86673160 2175   !   3       org.eclipse.osgi.internal.loader.BundleLoader::getModuleClassLoader (203 bytes)
Event: 4.296 Thread 0x0000017c86673160 nmethod 2175 0x0000017c30200010 code [0x0000017c30200380, 0x0000017c30201878]
Event: 4.296 Thread 0x0000017c86673160 2176       3       java.util.HashMap$EntrySet::iterator (12 bytes)
Event: 4.296 Thread 0x0000017c86673160 nmethod 2176 0x0000017c30202390 code [0x0000017c30202540, 0x0000017c30202748]
Event: 4.296 Thread 0x0000017c86673160 2177       3       java.util.HashMap$EntryIterator::<init> (6 bytes)
Event: 4.296 Thread 0x0000017c86673160 nmethod 2177 0x0000017c30202810 code [0x0000017c302029c0, 0x0000017c30202af8]
Event: 4.297 Thread 0x0000017c86673160 2179       3       java.util.stream.Sink::begin (1 bytes)
Event: 4.297 Thread 0x0000017c86673160 nmethod 2179 0x0000017c30202b90 code [0x0000017c30202d20, 0x0000017c30202e28]
Event: 4.297 Thread 0x0000017c86673160 2180       3       java.nio.ByteBuffer::arrayOffset (35 bytes)
Event: 4.298 Thread 0x0000017c86673160 nmethod 2180 0x0000017c30202e90 code [0x0000017c30203060, 0x0000017c30203318]

GC Heap History (4 events):
Event: 2.019 GC heap before
{Heap before GC invocations=1 (full 0):
 PSYoungGen      total 29696K, used 25600K [0x00000000d5580000, 0x00000000d7680000, 0x0000000100000000)
  eden space 25600K, 100% used [0x00000000d5580000,0x00000000d6e80000,0x00000000d6e80000)
  from space 4096K, 0% used [0x00000000d7280000,0x00000000d7280000,0x00000000d7680000)
  to   space 4096K, 0% used [0x00000000d6e80000,0x00000000d6e80000,0x00000000d7280000)
 ParOldGen       total 68608K, used 0K [0x0000000080000000, 0x0000000084300000, 0x00000000d5580000)
  object space 68608K, 0% used [0x0000000080000000,0x0000000080000000,0x0000000084300000)
 Metaspace       used 4338K, committed 4608K, reserved 1114112K
  class space    used 473K, committed 576K, reserved 1048576K
}
Event: 2.038 GC heap after
{Heap after GC invocations=1 (full 0):
 PSYoungGen      total 29696K, used 3335K [0x00000000d5580000, 0x00000000d7680000, 0x0000000100000000)
  eden space 25600K, 0% used [0x00000000d5580000,0x00000000d5580000,0x00000000d6e80000)
  from space 4096K, 81% used [0x00000000d6e80000,0x00000000d71c1e98,0x00000000d7280000)
  to   space 4096K, 0% used [0x00000000d7280000,0x00000000d7280000,0x00000000d7680000)
 ParOldGen       total 68608K, used 8K [0x0000000080000000, 0x0000000084300000, 0x00000000d5580000)
  object space 68608K, 0% used [0x0000000080000000,0x0000000080002000,0x0000000084300000)
 Metaspace       used 4338K, committed 4608K, reserved 1114112K
  class space    used 473K, committed 576K, reserved 1048576K
}
Event: 3.623 GC heap before
{Heap before GC invocations=2 (full 0):
 PSYoungGen      total 29696K, used 28935K [0x00000000d5580000, 0x00000000d7680000, 0x0000000100000000)
  eden space 25600K, 100% used [0x00000000d5580000,0x00000000d6e80000,0x00000000d6e80000)
  from space 4096K, 81% used [0x00000000d6e80000,0x00000000d71c1e98,0x00000000d7280000)
  to   space 4096K, 0% used [0x00000000d7280000,0x00000000d7280000,0x00000000d7680000)
 ParOldGen       total 68608K, used 8K [0x0000000080000000, 0x0000000084300000, 0x00000000d5580000)
  object space 68608K, 0% used [0x0000000080000000,0x0000000080002000,0x0000000084300000)
 Metaspace       used 7991K, committed 8256K, reserved 1114112K
  class space    used 831K, committed 960K, reserved 1048576K
}
Event: 3.634 GC heap after
{Heap after GC invocations=2 (full 0):
 PSYoungGen      total 29696K, used 4087K [0x00000000d5580000, 0x00000000d7680000, 0x0000000100000000)
  eden space 25600K, 0% used [0x00000000d5580000,0x00000000d5580000,0x00000000d6e80000)
  from space 4096K, 99% used [0x00000000d7280000,0x00000000d767de88,0x00000000d7680000)
  to   space 4096K, 0% used [0x00000000d6e80000,0x00000000d6e80000,0x00000000d7280000)
 ParOldGen       total 68608K, used 2075K [0x0000000080000000, 0x0000000084300000, 0x00000000d5580000)
  object space 68608K, 3% used [0x0000000080000000,0x0000000080206fd0,0x0000000084300000)
 Metaspace       used 7991K, committed 8256K, reserved 1114112K
  class space    used 831K, committed 960K, reserved 1048576K
}

Dll operation events (9 events):
Event: 0.015 Loaded shared library c:\Users\PC\.vscode\extensions\redhat.java-1.54.0-win32-x64\jre\21.0.10-win32-x86_64\bin\java.dll
Event: 0.166 Loaded shared library c:\Users\PC\.vscode\extensions\redhat.java-1.54.0-win32-x64\jre\21.0.10-win32-x86_64\bin\zip.dll
Event: 0.207 Loaded shared library C:\Users\PC\.vscode\extensions\redhat.java-1.54.0-win32-x64\jre\21.0.10-win32-x86_64\bin\instrument.dll
Event: 0.218 Loaded shared library C:\Users\PC\.vscode\extensions\redhat.java-1.54.0-win32-x64\jre\21.0.10-win32-x86_64\bin\net.dll
Event: 0.222 Loaded shared library C:\Users\PC\.vscode\extensions\redhat.java-1.54.0-win32-x64\jre\21.0.10-win32-x86_64\bin\nio.dll
Event: 0.226 Loaded shared library C:\Users\PC\.vscode\extensions\redhat.java-1.54.0-win32-x64\jre\21.0.10-win32-x86_64\bin\zip.dll
Event: 0.265 Loaded shared library C:\Users\PC\.vscode\extensions\redhat.java-1.54.0-win32-x64\jre\21.0.10-win32-x86_64\bin\jimage.dll
Event: 0.417 Loaded shared library c:\Users\PC\.vscode\extensions\redhat.java-1.54.0-win32-x64\jre\21.0.10-win32-x86_64\bin\verify.dll
Event: 3.668 Loaded shared library C:\Users\PC\AppData\Roaming\Code\User\globalStorage\redhat.java\1.54.0\config_win\org.eclipse.equinox.launcher\org.eclipse.equinox.launcher.win32.win32.x86_64_1.3.0.v20260203-2149\eclipse_11919.dll

Deoptimization events (20 events):
Event: 4.083 Thread 0x0000017c86662ec0 Uncommon trap: trap_request=0xffffffde fr.pc=0x0000017c379c60e4 relative=0x0000000000000304
Event: 4.083 Thread 0x0000017c86662ec0 Uncommon trap: reason=class_check action=maybe_recompile pc=0x0000017c379c60e4 method=java.util.regex.Pattern$BmpCharPropertyGreedy.match(Ljava/util/regex/Matcher;ILjava/lang/CharSequence;)Z @ 26 c2
Event: 4.083 Thread 0x0000017c86662ec0 DEOPT PACKING pc=0x0000017c379c60e4 sp=0x000000394f1fdec0
Event: 4.083 Thread 0x0000017c86662ec0 DEOPT UNPACKING pc=0x0000017c373a3aa2 sp=0x000000394f1fde78 mode 2
Event: 4.096 Thread 0x0000017c86662ec0 Uncommon trap: trap_request=0xffffff45 fr.pc=0x0000017c379c47b0 relative=0x00000000000009d0
Event: 4.096 Thread 0x0000017c86662ec0 Uncommon trap: reason=unstable_if action=reinterpret pc=0x0000017c379c47b0 method=java.util.concurrent.ConcurrentHashMap.putVal(Ljava/lang/Object;Ljava/lang/Object;Z)Ljava/lang/Object; @ 148 c2
Event: 4.096 Thread 0x0000017c86662ec0 DEOPT PACKING pc=0x0000017c379c47b0 sp=0x000000394f1fe3e0
Event: 4.096 Thread 0x0000017c86662ec0 DEOPT UNPACKING pc=0x0000017c373a3aa2 sp=0x000000394f1fe350 mode 2
Event: 4.233 Thread 0x0000017c86662ec0 Uncommon trap: trap_request=0xffffff45 fr.pc=0x0000017c379c72d8 relative=0x0000000000000698
Event: 4.233 Thread 0x0000017c86662ec0 Uncommon trap: reason=unstable_if action=reinterpret pc=0x0000017c379c72d8 method=java.util.regex.Matcher.search(I)Z @ 30 c2
Event: 4.233 Thread 0x0000017c86662ec0 DEOPT PACKING pc=0x0000017c379c72d8 sp=0x000000394f1fdbd0
Event: 4.233 Thread 0x0000017c86662ec0 DEOPT UNPACKING pc=0x0000017c373a3aa2 sp=0x000000394f1fdbb0 mode 2
Event: 4.235 Thread 0x0000017c86662ec0 Uncommon trap: trap_request=0xffffffde fr.pc=0x0000017c379c60e4 relative=0x0000000000000304
Event: 4.235 Thread 0x0000017c86662ec0 Uncommon trap: reason=class_check action=maybe_recompile pc=0x0000017c379c60e4 method=java.util.regex.Pattern$BmpCharPropertyGreedy.match(Ljava/util/regex/Matcher;ILjava/lang/CharSequence;)Z @ 26 c2
Event: 4.235 Thread 0x0000017c86662ec0 DEOPT PACKING pc=0x0000017c379c60e4 sp=0x000000394f1fd8b0
Event: 4.235 Thread 0x0000017c86662ec0 DEOPT UNPACKING pc=0x0000017c373a3aa2 sp=0x000000394f1fd868 mode 2
Event: 4.235 Thread 0x0000017c86662ec0 Uncommon trap: trap_request=0xffffffde fr.pc=0x0000017c379c60e4 relative=0x0000000000000304
Event: 4.235 Thread 0x0000017c86662ec0 Uncommon trap: reason=class_check action=maybe_recompile pc=0x0000017c379c60e4 method=java.util.regex.Pattern$BmpCharPropertyGreedy.match(Ljava/util/regex/Matcher;ILjava/lang/CharSequence;)Z @ 26 c2
Event: 4.235 Thread 0x0000017c86662ec0 DEOPT PACKING pc=0x0000017c379c60e4 sp=0x000000394f1fd7b0
Event: 4.235 Thread 0x0000017c86662ec0 DEOPT UNPACKING pc=0x0000017c373a3aa2 sp=0x000000394f1fd748 mode 2

Classes loaded (20 events):
Event: 3.986 Loading class java/nio/channels/spi/AbstractSelectableChannel
Event: 3.986 Loading class java/nio/channels/SelectableChannel
Event: 3.986 Loading class java/nio/channels/SelectableChannel done
Event: 3.986 Loading class java/nio/channels/spi/AbstractSelectableChannel done
Event: 3.987 Loading class java/nio/channels/SocketChannel done
Event: 3.987 Loading class sun/nio/ch/SocketChannelImpl done
Event: 3.987 Loading class sun/nio/ch/ChannelOutputStream
Event: 3.987 Loading class sun/nio/ch/ChannelOutputStream done
Event: 3.987 Loading class sun/nio/ch/Util
Event: 3.987 Loading class sun/nio/ch/Util done
Event: 3.988 Loading class sun/nio/ch/Util$1
Event: 3.988 Loading class sun/nio/ch/Util$1 done
Event: 3.988 Loading class sun/nio/ch/Util$BufferCache
Event: 3.988 Loading class sun/nio/ch/Util$BufferCache done
Event: 3.988 Loading class java/nio/DirectByteBuffer$Deallocator
Event: 3.989 Loading class java/nio/DirectByteBuffer$Deallocator done
Event: 3.989 Loading class sun/nio/ch/IOStatus
Event: 3.989 Loading class sun/nio/ch/IOStatus done
Event: 3.990 Loading class sun/nio/fs/WindowsFileCopy
Event: 3.990 Loading class sun/nio/fs/WindowsFileCopy done

Classes unloaded (0 events):
No events

Classes redefined (0 events):
No events

Internal exceptions (20 events):
Event: 2.207 Thread 0x0000017c2cc12fc0 Implicit null exception at 0x0000017c3794d349 to 0x0000017c3794dcb4
Event: 2.207 Thread 0x0000017c2cc12fc0 Implicit null exception at 0x0000017c37953d1a to 0x0000017c37953f24
Event: 2.209 Thread 0x0000017c2cc12fc0 Exception <a 'java/lang/NoSuchMethodError'{0x00000000d5739448}: 'void java.lang.invoke.DirectMethodHandle$Holder.invokeStatic(java.lang.Object, java.lang.Object, java.lang.Object, java.lang.Object)'> (0x00000000d5739448) 
thrown [s\src\hotspot\share\interpreter\linkResolver.cpp, line 773]
Event: 2.214 Thread 0x0000017c2cc12fc0 Implicit null exception at 0x0000017c3794fe3c to 0x0000017c379500c8
Event: 2.214 Thread 0x0000017c2cc12fc0 Implicit null exception at 0x0000017c3794e73d to 0x0000017c3794e7c1
Event: 2.489 Thread 0x0000017c2cc12fc0 Exception <a 'java/lang/NoSuchMethodError'{0x00000000d59e57e8}: 'void java.lang.invoke.DirectMethodHandle$Holder.invokeSpecial(java.lang.Object, java.lang.Object, java.lang.Object)'> (0x00000000d59e57e8) 
thrown [s\src\hotspot\share\interpreter\linkResolver.cpp, line 773]
Event: 2.876 Thread 0x0000017c2cc12fc0 Exception <a 'java/lang/NoSuchMethodError'{0x00000000d6469698}: 'int java.lang.invoke.DirectMethodHandle$Holder.invokeVirtual(java.lang.Object, java.lang.Object)'> (0x00000000d6469698) 
thrown [s\src\hotspot\share\interpreter\linkResolver.cpp, line 773]
Event: 3.001 Thread 0x0000017c2cc12fc0 Exception <a 'java/lang/NoSuchMethodError'{0x00000000d65defe0}: 'int java.lang.invoke.DirectMethodHandle$Holder.invokeStaticInit(java.lang.Object, java.lang.Object, java.lang.Object, java.lang.Object)'> (0x00000000d65defe0) 
thrown [s\src\hotspot\share\interpreter\linkResolver.cpp, line 773]
Event: 3.006 Thread 0x0000017c2cc12fc0 Exception <a 'java/lang/IncompatibleClassChangeError'{0x00000000d65e73e8}: Found class java.lang.Object, but interface was expected> (0x00000000d65e73e8) 
thrown [s\src\hotspot\share\interpreter\linkResolver.cpp, line 840]
Event: 3.007 Thread 0x0000017c2cc12fc0 Exception <a 'java/lang/NoSuchMethodError'{0x00000000d65ed9b8}: 'void java.lang.invoke.DirectMethodHandle$Holder.invokeStaticInit(java.lang.Object, java.lang.Object)'> (0x00000000d65ed9b8) 
thrown [s\src\hotspot\share\interpreter\linkResolver.cpp, line 773]
Event: 3.010 Thread 0x0000017c2cc12fc0 Exception <a 'java/lang/NoSuchMethodError'{0x00000000d65f6b70}: 'int java.lang.invoke.DirectMethodHandle$Holder.invokeStaticInit(java.lang.Object, java.lang.Object)'> (0x00000000d65f6b70) 
thrown [s\src\hotspot\share\interpreter\linkResolver.cpp, line 773]
Event: 3.110 Thread 0x0000017c2cc12fc0 Exception <a 'java/lang/NoSuchMethodError'{0x00000000d6842a20}: 'java.lang.Object java.lang.invoke.DirectMethodHandle$Holder.newInvokeSpecial(java.lang.Object, int, java.lang.Object)'> (0x00000000d6842a20) 
thrown [s\src\hotspot\share\interpreter\linkResolver.cpp, line 773]
Event: 3.222 Thread 0x0000017c2cc12fc0 Exception <a 'java/lang/ClassNotFoundException'{0x00000000d6a5b340}: sun/net/www/protocol/plurl/Handler> (0x00000000d6a5b340) 
thrown [s\src\hotspot\share\classfile\systemDictionary.cpp, line 312]
Event: 3.226 Thread 0x0000017c2cc12fc0 Exception <a 'java/lang/ClassNotFoundException'{0x00000000d6a5c1c0}: sun/net/www/protocol/plurl/Handler> (0x00000000d6a5c1c0) 
thrown [s\src\hotspot\share\classfile\systemDictionary.cpp, line 312]
Event: 3.664 Thread 0x0000017c2cc12fc0 Exception <a 'java/lang/UnsatisfiedLinkError'{0x00000000d55f38e0}: 'void org.eclipse.equinox.launcher.JNIBridge._update_splash()'> (0x00000000d55f38e0) 
thrown [s\src\hotspot\share\prims\nativeLookup.cpp, line 415]
Event: 3.731 Thread 0x0000017c86662830 Exception <a 'java/lang/NoSuchMethodError'{0x00000000d5868130}: 'void java.lang.invoke.DirectMethodHandle$Holder.invokeInterface(java.lang.Object, java.lang.Object, java.lang.Object)'> (0x00000000d5868130) 
thrown [s\src\hotspot\share\interpreter\linkResolver.cpp, line 773]
Event: 3.875 Thread 0x0000017c86662ec0 Exception <a 'java/lang/NoSuchMethodError'{0x00000000d5c94f60}: 'java.lang.Object java.lang.invoke.DirectMethodHandle$Holder.newInvokeSpecial(java.lang.Object, java.lang.Object, int, java.lang.Object)'> (0x00000000d5c94f60) 
thrown [s\src\hotspot\share\interpreter\linkResolver.cpp, line 773]
Event: 3.876 Thread 0x0000017c86662ec0 Exception <a 'java/lang/NoSuchMethodError'{0x00000000d5c98d90}: 'java.lang.Object java.lang.invoke.DirectMethodHandle$Holder.invokeSpecial(java.lang.Object, java.lang.Object, java.lang.Object, int, java.lang.Object)'> (0x00000000d5c98d90) 
thrown [s\src\hotspot\share\interpreter\linkResolver.cpp, line 773]
Event: 3.898 Thread 0x0000017c86662ec0 Exception <a 'java/lang/NoClassDefFoundError'{0x00000000d5d3f550}: jakarta/servlet/ServletContainerInitializer> (0x00000000d5d3f550) 
thrown [s\src\hotspot\share\classfile\systemDictionary.cpp, line 301]
Event: 3.936 Thread 0x0000017c86662ec0 Exception <a 'java/lang/ClassNotFoundException'{0x00000000d5eb7058}: sun/util/logging/resources/spi/loggingProvider> (0x00000000d5eb7058) 
thrown [s\src\hotspot\share\classfile\systemDictionary.cpp, line 312]

ZGC Phase Switch (0 events):
No events

VM Operations (20 events):
Event: 3.042 Executing safepoint VM operation: Cleanup
Event: 3.043 Executing safepoint VM operation: Cleanup done
Event: 3.065 Executing non-safepoint VM operation: HandshakeAllThreads (Deoptimize)
Event: 3.065 Executing non-safepoint VM operation: HandshakeAllThreads (Deoptimize) done
Event: 3.082 Executing non-safepoint VM operation: HandshakeAllThreads (Deoptimize)
Event: 3.082 Executing non-safepoint VM operation: HandshakeAllThreads (Deoptimize) done
Event: 3.171 Executing non-safepoint VM operation: HandshakeAllThreads (Deoptimize)
Event: 3.171 Executing non-safepoint VM operation: HandshakeAllThreads (Deoptimize) done
Event: 3.193 Executing non-safepoint VM operation: HandshakeAllThreads (Deoptimize)
Event: 3.193 Executing non-safepoint VM operation: HandshakeAllThreads (Deoptimize) done
Event: 3.622 Executing safepoint VM operation: ParallelGCFailedAllocation (Allocation Failure)
Event: 3.634 Executing safepoint VM operation: ParallelGCFailedAllocation (Allocation Failure) done
Event: 3.919 Executing non-safepoint VM operation: HandshakeAllThreads (Deoptimize)
Event: 3.919 Executing non-safepoint VM operation: HandshakeAllThreads (Deoptimize) done
Event: 3.950 Executing non-safepoint VM operation: HandshakeAllThreads (Deoptimize)
Event: 3.951 Executing non-safepoint VM operation: HandshakeAllThreads (Deoptimize) done
Event: 3.969 Executing non-safepoint VM operation: HandshakeAllThreads (Deoptimize)
Event: 3.969 Executing non-safepoint VM operation: HandshakeAllThreads (Deoptimize) done
Event: 4.095 Executing non-safepoint VM operation: HandshakeAllThreads (Deoptimize)
Event: 4.095 Executing non-safepoint VM operation: HandshakeAllThreads (Deoptimize) done

Memory protections (0 events):
No events

Nmethod flushes (0 events):
No events

Events (20 events):
Event: 0.089 Thread 0x0000017c2cc12fc0 Thread added: 0x0000017c436cae10
Event: 0.089 Thread 0x0000017c2cc12fc0 Thread added: 0x0000017c866621a0
Event: 0.089 Thread 0x0000017c2cc12fc0 Thread added: 0x0000017c86660760
Event: 0.089 Thread 0x0000017c2cc12fc0 Thread added: 0x0000017c86671600
Event: 0.089 Thread 0x0000017c2cc12fc0 Thread added: 0x0000017c86673160
Event: 0.211 Thread 0x0000017c2cc12fc0 Thread added: 0x0000017c86661b10
Event: 0.413 Thread 0x0000017c86673160 Thread added: 0x0000017c868db510
Event: 0.635 Thread 0x0000017c2cc12fc0 Thread added: 0x0000017c866600d0
Event: 1.027 Thread 0x0000017c86673160 Thread added: 0x0000017c8b3700e0
Event: 1.461 Thread 0x0000017c8b3700e0 Thread exited: 0x0000017c8b3700e0
Event: 2.090 Thread 0x0000017c868db510 Thread exited: 0x0000017c868db510
Event: 2.559 Thread 0x0000017c86673160 Thread added: 0x0000017c8b875cb0
Event: 3.039 Thread 0x0000017c2cc12fc0 Thread added: 0x0000017c86663550
Event: 3.289 Thread 0x0000017c8b875cb0 Thread exited: 0x0000017c8b875cb0
Event: 3.325 Thread 0x0000017c86673160 Thread added: 0x0000017c8b875cb0
Event: 3.660 Thread 0x0000017c2cc12fc0 Thread added: 0x0000017c86662830
Event: 3.738 Thread 0x0000017c86662830 Thread added: 0x0000017c86660df0
Event: 3.747 Thread 0x0000017c2cc12fc0 Thread added: 0x0000017c86662ec0
Event: 4.082 Thread 0x0000017c8b875cb0 Thread exited: 0x0000017c8b875cb0
Event: 4.108 Thread 0x0000017c86673160 Thread added: 0x0000017c8b875cb0


Dynamic libraries:
0x00007ff683d10000 - 0x00007ff683d1e000 	c:\Users\PC\.vscode\extensions\redhat.java-1.54.0-win32-x64\jre\21.0.10-win32-x86_64\bin\java.exe
0x00007ffc9afd0000 - 0x00007ffc9b1c8000 	C:\Windows\SYSTEM32\ntdll.dll
0x00007ffc99bd0000 - 0x00007ffc99c92000 	C:\Windows\System32\KERNEL32.DLL
0x00007ffc98660000 - 0x00007ffc98956000 	C:\Windows\System32\KERNELBASE.dll
0x00007ffc98ec0000 - 0x00007ffc98fc0000 	C:\Windows\System32\ucrtbase.dll
0x00007ffc607c0000 - 0x00007ffc607d8000 	c:\Users\PC\.vscode\extensions\redhat.java-1.54.0-win32-x64\jre\21.0.10-win32-x86_64\bin\jli.dll
0x00007ffc99870000 - 0x00007ffc99a11000 	C:\Windows\System32\USER32.dll
0x00007ffc98960000 - 0x00007ffc98982000 	C:\Windows\System32\win32u.dll
0x00007ffc99760000 - 0x00007ffc9978b000 	C:\Windows\System32\GDI32.dll
0x00007ffc98af0000 - 0x00007ffc98c09000 	C:\Windows\System32\gdi32full.dll
0x00007ffc98c10000 - 0x00007ffc98cad000 	C:\Windows\System32\msvcp_win.dll
0x00007ffc60890000 - 0x00007ffc608ae000 	c:\Users\PC\.vscode\extensions\redhat.java-1.54.0-win32-x64\jre\21.0.10-win32-x86_64\bin\VCRUNTIME140.dll
0x00007ffc84520000 - 0x00007ffc847bb000 	C:\Windows\WinSxS\amd64_microsoft.windows.common-controls_6595b64144ccf1df_6.0.19041.6456_none_60b8a6cb71f64256\COMCTL32.dll
0x00007ffc99a20000 - 0x00007ffc99abe000 	C:\Windows\System32\msvcrt.dll
0x00007ffc99fa0000 - 0x00007ffc99fcf000 	C:\Windows\System32\IMM32.DLL
0x00007ffc8a010000 - 0x00007ffc8a01c000 	c:\Users\PC\.vscode\extensions\redhat.java-1.54.0-win32-x64\jre\21.0.10-win32-x86_64\bin\vcruntime140_1.dll
0x00007ffc4dfe0000 - 0x00007ffc4e06d000 	c:\Users\PC\.vscode\extensions\redhat.java-1.54.0-win32-x64\jre\21.0.10-win32-x86_64\bin\msvcp140.dll
0x00007ffbe9c50000 - 0x00007ffbea9f1000 	c:\Users\PC\.vscode\extensions\redhat.java-1.54.0-win32-x64\jre\21.0.10-win32-x86_64\bin\server\jvm.dll
0x00007ffc99e70000 - 0x00007ffc99f21000 	C:\Windows\System32\ADVAPI32.dll
0x00007ffc9a750000 - 0x00007ffc9a7ef000 	C:\Windows\System32\sechost.dll
0x00007ffc9a7f0000 - 0x00007ffc9a910000 	C:\Windows\System32\RPCRT4.dll
0x00007ffc98fc0000 - 0x00007ffc98fe7000 	C:\Windows\System32\bcrypt.dll
0x00007ffc99f30000 - 0x00007ffc99f9b000 	C:\Windows\System32\WS2_32.dll
0x00007ffc98410000 - 0x00007ffc9845b000 	C:\Windows\SYSTEM32\POWRPROF.dll
0x00007ffc95ed0000 - 0x00007ffc95ef7000 	C:\Windows\SYSTEM32\WINMM.dll
0x00007ffc8d230000 - 0x00007ffc8d23a000 	C:\Windows\SYSTEM32\VERSION.dll
0x00007ffc983f0000 - 0x00007ffc98402000 	C:\Windows\SYSTEM32\UMPDC.dll
0x00007ffc96e30000 - 0x00007ffc96e42000 	C:\Windows\SYSTEM32\kernel.appcore.dll
0x00007ffc6aa00000 - 0x00007ffc6aa0a000 	c:\Users\PC\.vscode\extensions\redhat.java-1.54.0-win32-x64\jre\21.0.10-win32-x86_64\bin\jimage.dll
0x00007ffc96c00000 - 0x00007ffc96e01000 	C:\Windows\SYSTEM32\DBGHELP.DLL
0x00007ffc95e90000 - 0x00007ffc95ec4000 	C:\Windows\SYSTEM32\dbgcore.DLL
0x00007ffc98de0000 - 0x00007ffc98e62000 	C:\Windows\System32\bcryptPrimitives.dll
0x00007ffc65380000 - 0x00007ffc6538f000 	c:\Users\PC\.vscode\extensions\redhat.java-1.54.0-win32-x64\jre\21.0.10-win32-x86_64\bin\instrument.dll
0x00007ffc5a500000 - 0x00007ffc5a520000 	c:\Users\PC\.vscode\extensions\redhat.java-1.54.0-win32-x64\jre\21.0.10-win32-x86_64\bin\java.dll
0x00007ffc98ff0000 - 0x00007ffc99760000 	C:\Windows\System32\SHELL32.dll
0x00007ffc96450000 - 0x00007ffc96bf5000 	C:\Windows\SYSTEM32\windows.storage.dll
0x00007ffc9aae0000 - 0x00007ffc9ae34000 	C:\Windows\System32\combase.dll
0x00007ffc97ed0000 - 0x00007ffc97efb000 	C:\Windows\SYSTEM32\Wldp.dll
0x00007ffc9a910000 - 0x00007ffc9a9dd000 	C:\Windows\System32\OLEAUT32.dll
0x00007ffc99ac0000 - 0x00007ffc99b6d000 	C:\Windows\System32\SHCORE.dll
0x00007ffc99b70000 - 0x00007ffc99bcb000 	C:\Windows\System32\shlwapi.dll
0x00007ffc98590000 - 0x00007ffc985b4000 	C:\Windows\SYSTEM32\profapi.dll
0x00007ffc5a4e0000 - 0x00007ffc5a4f8000 	c:\Users\PC\.vscode\extensions\redhat.java-1.54.0-win32-x64\jre\21.0.10-win32-x86_64\bin\zip.dll
0x00007ffc62020000 - 0x00007ffc62030000 	C:\Users\PC\.vscode\extensions\redhat.java-1.54.0-win32-x64\jre\21.0.10-win32-x86_64\bin\net.dll
0x00007ffc92130000 - 0x00007ffc9223a000 	C:\Windows\SYSTEM32\WINHTTP.dll
0x00007ffc97cb0000 - 0x00007ffc97d1a000 	C:\Windows\system32\mswsock.dll
0x00007ffc53ad0000 - 0x00007ffc53ae6000 	C:\Users\PC\.vscode\extensions\redhat.java-1.54.0-win32-x64\jre\21.0.10-win32-x86_64\bin\nio.dll
0x00007ffc60690000 - 0x00007ffc606a0000 	c:\Users\PC\.vscode\extensions\redhat.java-1.54.0-win32-x64\jre\21.0.10-win32-x86_64\bin\verify.dll
0x00007ffc4de70000 - 0x00007ffc4deb5000 	C:\Users\PC\AppData\Roaming\Code\User\globalStorage\redhat.java\1.54.0\config_win\org.eclipse.equinox.launcher\org.eclipse.equinox.launcher.win32.win32.x86_64_1.3.0.v20260203-2149\eclipse_11919.dll
0x00007ffc9ae60000 - 0x00007ffc9af8b000 	C:\Windows\System32\ole32.dll

JVMTI agents:
c:\Users\PC\.vscode\extensions\redhat.java-1.54.0-win32-x64\lombok\lombok-1.18.39-4050.jar path:c:\Users\PC\.vscode\extensions\redhat.java-1.54.0-win32-x64\jre\21.0.10-win32-x86_64\bin\instrument.dll, loaded, initialized, instrumentlib options:none

dbghelp: loaded successfully - version: 4.0.5 - missing functions: none
symbol engine: initialized successfully - sym options: 0x614 - pdb path: .;c:\Users\PC\.vscode\extensions\redhat.java-1.54.0-win32-x64\jre\21.0.10-win32-x86_64\bin;C:\Windows\SYSTEM32;C:\Windows\WinSxS\amd64_microsoft.windows.common-controls_6595b64144ccf1df_6.0.19041.6456_none_60b8a6cb71f64256;c:\Users\PC\.vscode\extensions\redhat.java-1.54.0-win32-x64\jre\21.0.10-win32-x86_64\bin\server;C:\Users\PC\AppData\Roaming\Code\User\globalStorage\redhat.java\1.54.0\config_win\org.eclipse.equinox.launcher\org.eclipse.equinox.launcher.win32.win32.x86_64_1.3.0.v20260203-2149

VM Arguments:
jvm_args: --add-modules=ALL-SYSTEM --add-opens=java.base/java.util=ALL-UNNAMED --add-opens=java.base/java.lang=ALL-UNNAMED --add-opens=java.base/sun.nio.fs=ALL-UNNAMED -Declipse.application=org.eclipse.jdt.ls.core.id1 -Dosgi.bundles.defaultStartLevel=4 -Declipse.product=org.eclipse.jdt.ls.core.product -Djava.import.generatesMetadataFilesAtProjectRoot=false -DDetectVMInstallationsJob.disabled=true -Dfile.encoding=utf8 -XX:+UseParallelGC -XX:GCTimeRatio=4 -XX:AdaptiveSizePolicyWeight=90 -Dsun.zip.disableMemoryMapping=true -Xmx2G -Xms100m -Xlog:disable -javaagent:c:\Users\PC\.vscode\extensions\redhat.java-1.54.0-win32-x64\lombok\lombok-1.18.39-4050.jar -XX:+HeapDumpOnOutOfMemoryError -XX:HeapDumpPath=c:\Users\PC\AppData\Roaming\Code\User\workspaceStorage\91fcfcea6c02b4f1f3437ae4e56ad6f9\redhat.java -Daether.dependencyCollector.impl=bf 
java_command: c:\Users\PC\.vscode\extensions\redhat.java-1.54.0-win32-x64\server\plugins\org.eclipse.equinox.launcher_1.7.100.v20251111-0406.jar -configuration c:\Users\PC\AppData\Roaming\Code\User\globalStorage\redhat.java\1.54.0\config_win -data c:\Users\PC\AppData\Roaming\Code\User\workspaceStorage\91fcfcea6c02b4f1f3437ae4e56ad6f9\redhat.java\jdt_ws --pipe=\\.\pipe\lsp-c8e8ccaa681a69eb56a9c9fc603c613a-sock
java_class_path (initial): c:\Users\PC\.vscode\extensions\redhat.java-1.54.0-win32-x64\server\plugins\org.eclipse.equinox.launcher_1.7.100.v20251111-0406.jar
Launcher Type: SUN_STANDARD

[Global flags]
    uintx AdaptiveSizePolicyWeight                 = 90                                        {product} {command line}
     intx CICompilerCount                          = 4                                         {product} {ergonomic}
    uintx GCTimeRatio                              = 4                                         {product} {command line}
     bool HeapDumpOnOutOfMemoryError               = true                                   {manageable} {command line}
    ccstr HeapDumpPath                             = c:\Users\PC\AppData\Roaming\Code\User\workspaceStorage\91fcfcea6c02b4f1f3437ae4e56ad6f9\redhat.java         {manageable} {command line}
   size_t InitialHeapSize                          = 104857600                                 {product} {command line}
   size_t MaxHeapSize                              = 2147483648                                {product} {command line}
   size_t MaxNewSize                               = 715653120                                 {product} {ergonomic}
   size_t MinHeapDeltaBytes                        = 524288                                    {product} {ergonomic}
   size_t MinHeapSize                              = 104857600                                 {product} {command line}
   size_t NewSize                                  = 34603008                                  {product} {ergonomic}
    uintx NonNMethodCodeHeapSize                   = 5839372                                {pd product} {ergonomic}
    uintx NonProfiledCodeHeapSize                  = 122909434                              {pd product} {ergonomic}
   size_t OldSize                                  = 70254592                                  {product} {ergonomic}
    uintx ProfiledCodeHeapSize                     = 122909434                              {pd product} {ergonomic}
    uintx ReservedCodeCacheSize                    = 251658240                              {pd product} {ergonomic}
     bool SegmentedCodeCache                       = true                                      {product} {ergonomic}
   size_t SoftMaxHeapSize                          = 2147483648                             {manageable} {ergonomic}
     bool UseCompressedOops                        = true                           {product lp64_product} {ergonomic}
     bool UseLargePagesIndividualAllocation        = false                                  {pd product} {ergonomic}
     bool UseParallelGC                            = true                                      {product} {command line}

Logging:
Log output configuration:
 #0: stdout all=off uptime,level,tags foldmultilines=false
 #1: stderr all=off uptime,level,tags foldmultilines=false

Release file:
JAVA_VERSION="21.0.10" 
MODULES="java.base java.compiler java.datatransfer java.xml java.prefs java.desktop java.instrument java.logging java.management java.security.sasl java.naming java.rmi java.management.rmi java.net.http java.scripting java.security.jgss java.transaction.xa java.sql java.sql.rowset java.xml.crypto java.se java.smartcardio jdk.accessibility jdk.internal.jvmstat jdk.attach jdk.charsets jdk.internal.opt jdk.zipfs jdk.compiler jdk.crypto.ec jdk.crypto.cryptoki jdk.crypto.mscapi jdk.dynalink jdk.internal.ed jdk.editpad jdk.hotspot.agent jdk.httpserver jdk.internal.le jdk.internal.vm.ci jdk.internal.vm.compiler jdk.internal.vm.compiler.management jdk.jartool jdk.javadoc jdk.jcmd jdk.management jdk.management.agent jdk.jconsole jdk.jdeps jdk.jdwp.agent jdk.jdi jdk.jfr jdk.jshell jdk.jsobject jdk.jstatd jdk.localedata jdk.management.jfr jdk.naming.dns jdk.naming.rmi jdk.net jdk.nio.mapmode jdk.random jdk.sctp jdk.security.auth jdk.security.jgss jdk.unsupported jdk.unsupported.desktop jdk.xml.dom" 

Environment Variables:
JAVA_HOME=C:\Program Files\BellSoft\LibericaJDK-21\
PATH=C:\Users\PC\AppData\Local\Programs\Microsoft VS Code;C:\Program Files (x86)\VMware\VMware Workstation\bin\;C:\Program Files\BellSoft\LibericaJDK-21\bin\;C:\Program Files (x86)\Common Files\Oracle\Java\java8path;C:\Program Files (x86)\Common Files\Oracle\Java\javapath;C:\Windows\system32;C:\Windows;C:\Windows\System32\Wbem;C:\Windows\System32\WindowsPowerShell\v1.0\;C:\Windows\System32\OpenSSH\;C:\Program Files\Git\cmd;C:\sqlite3;C:\devtools\apache-maven-3.9.12\bin;C:\Program Files (x86)\Microsoft SQL Server\170\Tools\Binn\;C:\Program Files\Microsoft SQL Server\170\Tools\Binn\;C:\Program Files\Microsoft SQL Server\Client SDK\ODBC\180\Tools\Binn\;C:\Program Files\Microsoft SQL Server\170\DTS\Binn\;C:\Program Files (x86)\Windows Kits\10\Windows Performance Toolkit\;C:\Program Files\Docker\Docker\resources\bin;C:\Program Files\nodejs\;C:\Users\PC\.local\bin;C:\Program Files\Redis-8.6.2;C:\xampp\php;C:\ProgramData\ComposerSetup\bin;C:\Users\PC\.local\bin;c:\Users\PC\AppData\Local\Programs\cursor\resources\app\codeBin;C:\Users\PC\AppData\Local\Microsoft\WindowsApps;C:\Users\PC\AppData\Local\GitHubDesktop\bin;C:\Users\PC\AppData\Local\Programs\Microsoft VS Code\bin;C:\Users\PC\AppData\Roaming\npm;C:\Users\PC\AppData\Local\Programs\cursor\resources\app\bin;C:\Users\PC\.local\bin;C:\Users\PC\AppData\Local\Python\bin;C:\Users\PC\AppData\Roaming\Composer\vendor\bin;C:\Users\PC\AppData\Local\Programs\Antigravity\bin
USERNAME=PC
OS=Windows_NT
PROCESSOR_IDENTIFIER=AMD64 Family 23 Model 96 Stepping 1, AuthenticAMD
TMP=C:\Users\PC\AppData\Local\Temp
TEMP=C:\Users\PC\AppData\Local\Temp




Periodic native trim disabled

---------------  S Y S T E M  ---------------

OS:
 Windows 10 , 64 bit Build 19041 (10.0.19041.5915)
OS uptime: 6 days 0:07 hours
Hyper-V role detected

CPU: total 12 (initial active 12) (12 cores per cpu, 2 threads per core) family 23 model 96 stepping 1 microcode 0x0, cx8, cmov, fxsr, ht, mmx, 3dnowpref, sse, sse2, sse3, ssse3, sse4a, sse4.1, sse4.2, popcnt, lzcnt, tsc, tscinvbit, avx, avx2, aes, clmul, bmi1, bmi2, adx, sha, fma, vzeroupper, clflush, clflushopt, hv, rdtscp, rdpid, f16c
Processor Information for the first 12 processors :
  Max Mhz: 2100, Current Mhz: 2100, Mhz Limit: 2100

Memory: 4k page, system-wide physical 15736M (438M free)
TotalPageFile size 46179M (AvailPageFile size 3M)
current process WorkingSet (physical memory assigned to process): 107M, peak: 107M
current process commit charge ("private bytes"): 256M, peak: 256M

vm_info: OpenJDK 64-Bit Server VM (21.0.10+7-LTS) for windows-amd64 JRE (21.0.10+7-LTS), built on 2026-01-20T00:00:00Z by "admin" with MS VC++ 17.12 (VS2022)

END.
